INFO: Header : Author::Unknown
INFO: Header : Authorization::Unknown
INFO: Header : Description::STEP AP214
INFO: Header : File Name::P1011812.STEP
INFO: Header : Implementation Level::1
INFO: Header : Organization::Unknown
INFO: Header : Originating System::SolidWorks 2021
INFO: Header : Preprocessor Version::SwSTEP 2.0
INFO: Header : Schema::AUTOMOTIVE_DESIGN
INFO: Header : Time Stamp::2022-06-17T19:21:18
INFO: Begin CAD File Read 'C:/Users/alenz/OneDrive/Documents/GitHub/Alan-Projects/Nuclear Fusor/P1011812 - CF 2.75 Valve.step'

INFO:       Summary of STEP Entities
INFO: 
INFO: Entity Type                                                   Count
INFO: -----------                                                   ------
INFO: advanced_brep_shape_representation .......................:   1
INFO: advanced_face ............................................:   1208
INFO: application_context ......................................:   2
INFO: application_protocol_definition ..........................:   2
INFO: axis2_placement_3d .......................................:   1293
INFO: b_spline_curve_with_knots ................................:   1163
INFO: b_spline_curve_with_knots_and_rational_b_spline_curve ....:   67
INFO: b_spline_surface_with_knots ..............................:   507
INFO: b_spline_surface_with_knots_and_rational_b_spline_surface :   2
INFO: cartesian_point ..........................................:   22107
INFO: circle ...................................................:   593
INFO: closed_shell .............................................:   1
INFO: colour_rgb ...............................................:   1207
INFO: conical_surface ..........................................:   104
INFO: cylindrical_surface ......................................:   153
INFO: direction ................................................:   4026
INFO: edge_curve ...............................................:   3263
INFO: edge_loop ................................................:   1308
INFO: face_bound ...............................................:   100
INFO: face_outer_bound .........................................:   1208
INFO: fill_area_style ..........................................:   1207
INFO: fill_area_style_colour ...................................:   1207
INFO: geometric_representation_context_and_global_uncertainty_a :   1208
INFO: length_unit_and_si_unit ..................................:   1208
INFO: line .....................................................:   1440
INFO: manifold_solid_brep ......................................:   1
INFO: mechanical_design_geometric_presentation_representation ..:   1207
INFO: oriented_edge ............................................:   6526
INFO: plane ....................................................:   344
INFO: plane_angle_unit_and_si_unit .............................:   1208
INFO: presentation_layer_assignment ............................:   1207
INFO: presentation_style_assignment ............................:   1207
INFO: product ..................................................:   1
INFO: product_context ..........................................:   1
INFO: product_definition .......................................:   1
INFO: product_definition_context ...............................:   1
INFO: product_definition_formation_with_specified_source .......:   1
INFO: product_definition_shape .................................:   1
INFO: product_related_product_category .........................:   1
INFO: shape_definition_representation ..........................:   1
INFO: si_unit_and_solid_angle_unit .............................:   1208
INFO: spherical_surface ........................................:   12
INFO: styled_item ..............................................:   1207
INFO: surface_side_style .......................................:   1207
INFO: surface_style_fill_area ..................................:   1207
INFO: surface_style_usage ......................................:   1207
INFO: toroidal_surface .........................................:   86
INFO: uncertainty_measure_with_unit ............................:   1208
INFO: vector ...................................................:   1440
INFO: vertex_point .............................................:   2133
INFO:                                                              -------
INFO: Total                                                         67208
