INFO: Header : Author::Unknown
INFO: Header : Authorization::Unknown
INFO: Header : Description::STEP AP203
INFO: Header : File Name::P106724.STEP
INFO: Header : Implementation Level::1
INFO: Header : Organization::Unknown
INFO: Header : Originating System::SolidWorks 2021
INFO: Header : Preprocessor Version::SwSTEP 2.0
INFO: Header : Schema::CONFIG_CONTROL_DESIGN
INFO: Header : Time Stamp::2023-04-10T20:33:43
INFO: Begin CAD File Read 'C:/Users/alenz/OneDrive/Documents/GitHub/Alan-Projects/Nuclear Fusor/P106724 - Diffusion Pump.step'

INFO:       Summary of STEP Entities
INFO: 
INFO: Entity Type                                                   Count
INFO: -----------                                                   ------
INFO: advanced_brep_shape_representation .......................:   1
INFO: advanced_face ............................................:   138
INFO: application_context ......................................:   2
INFO: application_protocol_definition ..........................:   2
INFO: applied_approval_assignment ..............................:   3
INFO: applied_date_and_time_assignment .........................:   2
INFO: applied_person_and_organization_assignment ...............:   5
INFO: applied_security_classification_assignment ...............:   1
INFO: approval .................................................:   3
INFO: approval_date_time .......................................:   3
INFO: approval_person_organization .............................:   3
INFO: approval_role ............................................:   3
INFO: approval_status ..........................................:   3
INFO: axis2_placement_3d .......................................:   247
INFO: b_spline_curve_with_knots ................................:   24
INFO: b_spline_surface_with_knots ..............................:   4
INFO: b_spline_surface_with_knots_and_rational_b_spline_surface :   8
INFO: calendar_date ............................................:   5
INFO: cartesian_point ..........................................:   1665
INFO: circle ...................................................:   120
INFO: closed_shell .............................................:   7
INFO: conical_surface ..........................................:   2
INFO: coordinated_universal_time_offset ........................:   5
INFO: cylindrical_surface ......................................:   58
INFO: date_and_time ............................................:   5
INFO: date_time_role ...........................................:   2
INFO: direction ................................................:   654
INFO: edge_curve ...............................................:   304
INFO: edge_loop ................................................:   160
INFO: face_bound ...............................................:   22
INFO: face_outer_bound .........................................:   138
INFO: geometric_representation_context_and_global_uncertainty_a :   1
INFO: length_unit_and_si_unit ..................................:   1
INFO: line .....................................................:   160
INFO: local_time ...............................................:   5
INFO: manifold_solid_brep ......................................:   7
INFO: organization .............................................:   1
INFO: oriented_edge ............................................:   608
INFO: person ...................................................:   1
INFO: person_and_organization ..................................:   8
INFO: person_and_organization_role .............................:   5
INFO: plane ....................................................:   66
INFO: plane_angle_unit_and_si_unit .............................:   1
INFO: product ..................................................:   1
INFO: product_context ..........................................:   1
INFO: product_definition .......................................:   1
INFO: product_definition_context ...............................:   1
INFO: product_definition_formation_with_specified_source .......:   1
INFO: product_definition_shape .................................:   1
INFO: product_related_product_category .........................:   1
INFO: security_classification ..................................:   1
INFO: security_classification_level ............................:   1
INFO: shape_definition_representation ..........................:   1
INFO: si_unit_and_solid_angle_unit .............................:   1
INFO: uncertainty_measure_with_unit ............................:   1
INFO: vector ...................................................:   160
INFO: vertex_point .............................................:   200
INFO:                                                              -------
INFO: Total                                                         4835
