INFO: Header : Author::Unknown
INFO: Header : Authorization::Unknown
INFO: Header : Description::STEP AP203
INFO: Header : File Name::P107690.STEP
INFO: Header : Implementation Level::1
INFO: Header : Organization::Unknown
INFO: Header : Originating System::SolidWorks 2021
INFO: Header : Preprocessor Version::SwSTEP 2.0
INFO: Header : Schema::CONFIG_CONTROL_DESIGN
INFO: Header : Time Stamp::2023-02-06T15:03:28
INFO: Begin CAD File Read 'C:/Users/alenz/OneDrive/Documents/GitHub/Alan-Projects/Nuclear Fusor/P107690 - 2.75 Actual Viewport Lmao.step'

INFO:       Summary of STEP Entities
INFO: 
INFO: Entity Type                                                   Count
INFO: -----------                                                   ------
INFO: advanced_brep_shape_representation .......................:   1
INFO: advanced_face ............................................:   817
INFO: application_context ......................................:   2
INFO: application_protocol_definition ..........................:   2
INFO: applied_approval_assignment ..............................:   3
INFO: applied_date_and_time_assignment .........................:   2
INFO: applied_person_and_organization_assignment ...............:   5
INFO: applied_security_classification_assignment ...............:   1
INFO: approval .................................................:   3
INFO: approval_date_time .......................................:   3
INFO: approval_person_organization .............................:   3
INFO: approval_role ............................................:   3
INFO: approval_status ..........................................:   3
INFO: axis2_placement_3d .......................................:   1321
INFO: brep_with_voids ..........................................:   1
INFO: b_spline_curve_with_knots ................................:   609
INFO: b_spline_curve_with_knots_and_rational_b_spline_curve ....:   126
INFO: b_spline_surface_with_knots ..............................:   140
INFO: calendar_date ............................................:   5
INFO: cartesian_point ..........................................:   33323
INFO: circle ...................................................:   643
INFO: closed_shell .............................................:   16
INFO: conical_surface ..........................................:   220
INFO: coordinated_universal_time_offset ........................:   5
INFO: cylindrical_surface ......................................:   171
INFO: date_and_time ............................................:   5
INFO: date_time_role ...........................................:   2
INFO: direction ................................................:   3247
INFO: edge_curve ...............................................:   1983
INFO: edge_loop ................................................:   887
INFO: face_bound ...............................................:   70
INFO: face_outer_bound .........................................:   817
INFO: geometric_representation_context_and_global_uncertainty_a :   1
INFO: length_unit_and_si_unit ..................................:   1
INFO: line .....................................................:   605
INFO: local_time ...............................................:   5
INFO: organization .............................................:   1
INFO: oriented_closed_shell ....................................:   15
INFO: oriented_edge ............................................:   3966
INFO: person ...................................................:   1
INFO: person_and_organization ..................................:   8
INFO: person_and_organization_role .............................:   5
INFO: plane ....................................................:   267
INFO: plane_angle_unit_and_si_unit .............................:   1
INFO: product ..................................................:   1
INFO: product_context ..........................................:   1
INFO: product_definition .......................................:   1
INFO: product_definition_context ...............................:   1
INFO: product_definition_formation_with_specified_source .......:   1
INFO: product_definition_shape .................................:   1
INFO: product_related_product_category .........................:   1
INFO: security_classification ..................................:   1
INFO: security_classification_level ............................:   1
INFO: shape_definition_representation ..........................:   1
INFO: si_unit_and_solid_angle_unit .............................:   1
INFO: spherical_surface ........................................:   1
INFO: toroidal_surface .........................................:   18
INFO: uncertainty_measure_with_unit ............................:   1
INFO: vector ...................................................:   605
INFO: vertex_point .............................................:   1244
INFO:                                                              -------
INFO: Total                                                         51195
