INFO: Header : Author::Unknown
INFO: Header : Authorization::Unknown
INFO: Header : Description::STEP AP203
INFO: Header : File Name::A0113-1-CF.STEP
INFO: Header : Implementation Level::1
INFO: Header : Organization::Unknown
INFO: Header : Originating System::SolidWorks 2012
INFO: Header : Preprocessor Version::SwSTEP 2.0
INFO: Header : Schema::CONFIG_CONTROL_DESIGN
INFO: Header : Time Stamp::2013-06-12T12:38:55
INFO: Begin CAD File Read 'C:/Users/alenz/OneDrive/Documents/GitHub/Alan-Projects/Nuclear Fusor/P108123 - Single Pin Feedthrough.step'

INFO:       Summary of STEP Entities
INFO: 
INFO: Entity Type                                                   Count
INFO: -----------                                                   ------
INFO: advanced_brep_shape_representation .......................:   1
INFO: advanced_face ............................................:   103
INFO: application_context ......................................:   2
INFO: application_protocol_definition ..........................:   2
INFO: applied_approval_assignment ..............................:   3
INFO: applied_date_and_time_assignment .........................:   2
INFO: applied_person_and_organization_assignment ...............:   5
INFO: applied_security_classification_assignment ...............:   1
INFO: approval .................................................:   3
INFO: approval_date_time .......................................:   3
INFO: approval_person_organization .............................:   3
INFO: approval_role ............................................:   3
INFO: approval_status ..........................................:   3
INFO: axis2_placement_3d .......................................:   244
INFO: b_spline_curve_with_knots ................................:   6
INFO: b_spline_curve_with_knots_and_rational_b_spline_curve ....:   2
INFO: b_spline_surface_with_knots_and_rational_b_spline_surface :   6
INFO: calendar_date ............................................:   5
INFO: cartesian_point ..........................................:   752
INFO: circle ...................................................:   146
INFO: closed_shell .............................................:   1
INFO: conical_surface ..........................................:   14
INFO: conversion_based_unit_and_length_unit ....................:   1
INFO: coordinated_universal_time_offset ........................:   5
INFO: cylindrical_surface ......................................:   56
INFO: date_and_time ............................................:   5
INFO: date_time_role ...........................................:   2
INFO: dimensional_exponents ....................................:   1
INFO: direction ................................................:   570
INFO: edge_curve ...............................................:   236
INFO: edge_loop ................................................:   132
INFO: face_bound ...............................................:   29
INFO: face_outer_bound .........................................:   103
INFO: geometric_representation_context_and_global_uncertainty_a :   1
INFO: length_measure_with_unit .................................:   1
INFO: length_unit_and_si_unit ..................................:   1
INFO: line .....................................................:   82
INFO: local_time ...............................................:   5
INFO: manifold_solid_brep ......................................:   1
INFO: organization .............................................:   1
INFO: oriented_edge ............................................:   472
INFO: person ...................................................:   1
INFO: person_and_organization ..................................:   8
INFO: person_and_organization_role .............................:   5
INFO: plane ....................................................:   27
INFO: plane_angle_unit_and_si_unit .............................:   1
INFO: product ..................................................:   1
INFO: product_context ..........................................:   1
INFO: product_definition .......................................:   1
INFO: product_definition_context ...............................:   1
INFO: product_definition_formation_with_specified_source .......:   1
INFO: product_definition_shape .................................:   1
INFO: product_related_product_category .........................:   1
INFO: security_classification ..................................:   1
INFO: security_classification_level ............................:   1
INFO: shape_definition_representation ..........................:   1
INFO: si_unit_and_solid_angle_unit .............................:   1
INFO: uncertainty_measure_with_unit ............................:   1
INFO: vector ...................................................:   82
INFO: vertex_point .............................................:   152
INFO:                                                              -------
INFO: Total                                                         3302
